// Jest Snapshot v1, https://goo.gl/fbAQLP

exports[`should render Login 1`] = `
"<section>
  <section class=\\"Card\\">
    <h4>👋 Hey! you need to login.</h4>
    <form><label>
        <p>Email</p><input placeholder=\\"Any value\\" type=\\"text\\" value=\\"\\">
      </label><label>
        <p>Password</p><input placeholder=\\"Any value\\" type=\\"password\\" value=\\"\\">
      </label><button class=\\"Button\\" type=\\"submit\\" disabled=\\"\\">Login</button></form>
    <p>Or...</p><a href=\\"http://localhost:3000/auth/github\\"><button class=\\"Button\\" type=\\"button\\">Login with Github<img src=\\"/octocat.png\\" alt=\\"Github Octocat\\"></button></a>
  </section>
</section>"
`;
